Archive member included to satisfy reference by file (symbol)

c:/program files (x86)/atollic/truestudio for stm32 9.3.0/armtools/bin/../lib/gcc/arm-atollic-eabi/6.3.1/../../../../arm-atollic-eabi/lib/armv6-m\libc_nano.a(lib_a-errno.o)
                              Src\syscalls.o (__errno)
c:/program files (x86)/atollic/truestudio for stm32 9.3.0/armtools/bin/../lib/gcc/arm-atollic-eabi/6.3.1/../../../../arm-atollic-eabi/lib/armv6-m\libc_nano.a(lib_a-impure.o)
                              c:/program files (x86)/atollic/truestudio for stm32 9.3.0/armtools/bin/../lib/gcc/arm-atollic-eabi/6.3.1/../../../../arm-atollic-eabi/lib/armv6-m\libc_nano.a(lib_a-errno.o) (_impure_ptr)
c:/program files (x86)/atollic/truestudio for stm32 9.3.0/armtools/bin/../lib/gcc/arm-atollic-eabi/6.3.1/../../../../arm-atollic-eabi/lib/armv6-m\libc_nano.a(lib_a-init.o)
                              startup\startup_stm32f030x6.o (__libc_init_array)
c:/program files (x86)/atollic/truestudio for stm32 9.3.0/armtools/bin/../lib/gcc/arm-atollic-eabi/6.3.1/../../../../arm-atollic-eabi/lib/armv6-m\libc_nano.a(lib_a-memcpy-stub.o)
                              Drivers\STM32F0xx_HAL_Driver\Src\stm32f0xx_hal_rcc.o (memcpy)
c:/program files (x86)/atollic/truestudio for stm32 9.3.0/armtools/bin/../lib/gcc/arm-atollic-eabi/6.3.1/../../../../arm-atollic-eabi/lib/armv6-m\libc_nano.a(lib_a-memset.o)
                              Src\adc.o (memset)
c:/program files (x86)/atollic/truestudio for stm32 9.3.0/armtools/bin/../lib/gcc/arm-atollic-eabi/6.3.1/armv6-m\libgcc.a(_thumb1_case_uqi.o)
                              Drivers\STM32F0xx_HAL_Driver\Src\stm32f0xx_hal_dma.o (__gnu_thumb1_case_uqi)
c:/program files (x86)/atollic/truestudio for stm32 9.3.0/armtools/bin/../lib/gcc/arm-atollic-eabi/6.3.1/armv6-m\libgcc.a(_udivsi3.o)
                              Drivers\STM32F0xx_HAL_Driver\Src\stm32f0xx_hal.o (__aeabi_uidiv)
c:/program files (x86)/atollic/truestudio for stm32 9.3.0/armtools/bin/../lib/gcc/arm-atollic-eabi/6.3.1/armv6-m\libgcc.a(_dvmd_tls.o)
                              c:/program files (x86)/atollic/truestudio for stm32 9.3.0/armtools/bin/../lib/gcc/arm-atollic-eabi/6.3.1/armv6-m\libgcc.a(_udivsi3.o) (__aeabi_idiv0)
c:/program files (x86)/atollic/truestudio for stm32 9.3.0/armtools/bin/../lib/gcc/arm-atollic-eabi/6.3.1/armv6-m\libgcc.a(_lshrdi3.o)
                              Drivers\STM32F0xx_HAL_Driver\Src\stm32f0xx_hal_flash.o (__aeabi_llsr)

Allocating common symbols
Common symbol       size              file

tempertureShowTime  0x1               Src\main.o
strongBrightness    0x1               Src\main.o
ringStartTime       0x4               Src\main.o
ringOnTimeStart     0x1               Src\main.o
lastSetKeyPressTime
                    0x4               Src\main.o
hi2c1               0x4c              Src\i2c.o
htim17              0x40              Src\tim.o
uwTick              0x4               Drivers\STM32F0xx_HAL_Driver\Src\stm32f0xx_hal.o
tempBuffer          0x12              Src\main.o
pFlash              0x20              Drivers\STM32F0xx_HAL_Driver\Src\stm32f0xx_hal_flash.o
alarmBeepCount      0x4               Src\main.o
htim3               0x40              Src\tim.o
tempertureHideTime  0x1               Src\main.o
lastModeKeyPressTime
                    0x4               Src\main.o
blinkControl        0x1               Src\main.o
isRingOnTimeEnabled
                    0x1               Src\main.o
lastTime            0x8               Src\main.o
lastRingOnTimeHour  0x1               Src\main.o
time                0x8               Src\main.o
lastSetKeyPressReportTime
                    0x4               Src\main.o
alarmTimestamp      0x4               Src\main.o
lastDisplayChangeTime
                    0x4               Src\main.o
hdma_adc            0x44              Src\adc.o
adcValue            0x8               Src\main.o
hadc                0x4c              Src\adc.o
htim16              0x40              Src\tim.o
weakBrightness      0x1               Src\main.o
ringOnTimeStop      0x1               Src\main.o

Discarded input sections

 .text          0x00000000        0x0 c:/program files (x86)/atollic/truestudio for stm32 9.3.0/armtools/bin/../lib/gcc/arm-atollic-eabi/6.3.1/armv6-m/crti.o
 .data          0x00000000        0x0 c:/program files (x86)/atollic/truestudio for stm32 9.3.0/armtools/bin/../lib/gcc/arm-atollic-eabi/6.3.1/armv6-m/crti.o
 .bss           0x00000000        0x0 c:/program files (x86)/atollic/truestudio for stm32 9.3.0/armtools/bin/../lib/gcc/arm-atollic-eabi/6.3.1/armv6-m/crti.o
 .data          0x00000000        0x4 c:/program files (x86)/atollic/truestudio for stm32 9.3.0/armtools/bin/../lib/gcc/arm-atollic-eabi/6.3.1/armv6-m/crtbegin.o
 .text          0x00000000        0x0 Drivers\STM32F0xx_HAL_Driver\Src\stm32f0xx_hal.o
 .data          0x00000000        0x0 Drivers\STM32F0xx_HAL_Driver\Src\stm32f0xx_hal.o
[...]
Memory Configuration

Name             Origin             Length             Attributes
RAM              0x20000000         0x00001000         xrw
FLASH            0x08000000         0x00004000         xr
*default*        0x00000000         0xffffffff

Linker script and memory map

LOAD c:/program files (x86)/atollic/truestudio for stm32 9.3.0/armtools/bin/../lib/gcc/arm-atollic-eabi/6.3.1/armv6-m/crti.o
LOAD c:/program files (x86)/atollic/truestudio for stm32 9.3.0/armtools/bin/../lib/gcc/arm-atollic-eabi/6.3.1/armv6-m/crtbegin.o
LOAD Drivers\STM32F0xx_HAL_Driver\Src\stm32f0xx_hal.o
LOAD Drivers\STM32F0xx_HAL_Driver\Src\stm32f0xx_hal_adc.o
LOAD Drivers\STM32F0xx_HAL_Driver\Src\stm32f0xx_hal_adc_ex.o
LOAD Drivers\STM32F0xx_HAL_Driver\Src\stm32f0xx_hal_cortex.o
LOAD Drivers\STM32F0xx_HAL_Driver\Src\stm32f0xx_hal_dma.o
LOAD Drivers\STM32F0xx_HAL_Driver\Src\stm32f0xx_hal_flash.o
LOAD Drivers\STM32F0xx_HAL_Driver\Src\stm32f0xx_hal_flash_ex.o
LOAD Drivers\STM32F0xx_HAL_Driver\Src\stm32f0xx_hal_gpio.o
LOAD Drivers\STM32F0xx_HAL_Driver\Src\stm32f0xx_hal_i2c.o
LOAD Drivers\STM32F0xx_HAL_Driver\Src\stm32f0xx_hal_i2c_ex.o
LOAD Drivers\STM32F0xx_HAL_Driver\Src\stm32f0xx_hal_pwr.o
LOAD Drivers\STM32F0xx_HAL_Driver\Src\stm32f0xx_hal_pwr_ex.o
LOAD Drivers\STM32F0xx_HAL_Driver\Src\stm32f0xx_hal_rcc.o
LOAD Drivers\STM32F0xx_HAL_Driver\Src\stm32f0xx_hal_rcc_ex.o
LOAD Drivers\STM32F0xx_HAL_Driver\Src\stm32f0xx_hal_tim.o
LOAD Drivers\STM32F0xx_HAL_Driver\Src\stm32f0xx_hal_tim_ex.o
LOAD Lib\SD3077.o
LOAD Lib\TM1637.o
LOAD Src\adc.o
LOAD Src\dma.o
LOAD Src\gpio.o
LOAD Src\i2c.o
LOAD Src\main.o
LOAD Src\stm32f0xx_hal_msp.o
LOAD Src\stm32f0xx_it.o
LOAD Src\syscalls.o
LOAD Src\system_stm32f0xx.o
LOAD Src\tim.o
LOAD startup\startup_stm32f030x6.o
                0x00000080                malloc_getpagesize_P = 0x80
START GROUP
LOAD c:/program files (x86)/atollic/truestudio for stm32 9.3.0/armtools/bin/../lib/gcc/arm-atollic-eabi/6.3.1/../../../../arm-atollic-eabi/lib/armv6-m\libc_nano.a
LOAD c:/program files (x86)/atollic/truestudio for stm32 9.3.0/armtools/bin/../lib/gcc/arm-atollic-eabi/6.3.1/../../../../arm-atollic-eabi/lib/armv6-m\libm.a
END GROUP
START GROUP
LOAD c:/program files (x86)/atollic/truestudio for stm32 9.3.0/armtools/bin/../lib/gcc/arm-atollic-eabi/6.3.1/armv6-m\libgcc.a
LOAD c:/program files (x86)/atollic/truestudio for stm32 9.3.0/armtools/bin/../lib/gcc/arm-atollic-eabi/6.3.1/../../../../arm-atollic-eabi/lib/armv6-m\libc_nano.a
END GROUP
START GROUP
LOAD c:/program files (x86)/atollic/truestudio for stm32 9.3.0/armtools/bin/../lib/gcc/arm-atollic-eabi/6.3.1/armv6-m\libgcc.a
LOAD c:/program files (x86)/atollic/truestudio for stm32 9.3.0/armtools/bin/../lib/gcc/arm-atollic-eabi/6.3.1/../../../../arm-atollic-eabi/lib/armv6-m\libc_nano.a
LOAD c:/program files (x86)/atollic/truestudio for stm32 9.3.0/armtools/bin/../lib/gcc/arm-atollic-eabi/6.3.1/../../../../arm-atollic-eabi/lib/armv6-m\libnosys.a
END GROUP
START GROUP
LOAD c:/program files (x86)/atollic/truestudio for stm32 9.3.0/armtools/bin/../lib/gcc/arm-atollic-eabi/6.3.1/armv6-m\libgcc.a
LOAD c:/program files (x86)/atollic/truestudio for stm32 9.3.0/armtools/bin/../lib/gcc/arm-atollic-eabi/6.3.1/../../../../arm-atollic-eabi/lib/armv6-m\libc_nano.a
LOAD c:/program files (x86)/atollic/truestudio for stm32 9.3.0/armtools/bin/../lib/gcc/arm-atollic-eabi/6.3.1/../../../../arm-atollic-eabi/lib/armv6-m\libnosys.a
END GROUP
LOAD c:/program files (x86)/atollic/truestudio for stm32 9.3.0/armtools/bin/../lib/gcc/arm-atollic-eabi/6.3.1/armv6-m/crtend.o
LOAD c:/program files (x86)/atollic/truestudio for stm32 9.3.0/armtools/bin/../lib/gcc/arm-atollic-eabi/6.3.1/armv6-m/crtn.o
                0x20001000                _estack = 0x20001000
                0x00000200                _Min_Heap_Size = 0x200
                0x00000400                _Min_Stack_Size = 0x400

.isr_vector     0x08000000       0xc0
                0x08000000                . = ALIGN (0x4)
 *(.isr_vector)
 .isr_vector    0x08000000       0xc0 startup\startup_stm32f030x6.o
                0x08000000                g_pfnVectors
                0x080000c0                . = ALIGN (0x4)

.text           0x080000c0     0x35f0
                0x080000c0                . = ALIGN (0x4)
 *(.text)
 .text          0x080000c0       0x48 c:/program files (x86)/atollic/truestudio for stm32 9.3.0/armtools/bin/../lib/gcc/arm-atollic-eabi/6.3.1/armv6-m/crtbegin.o
 .text          0x08000108      0x114 c:/program files (x86)/atollic/truestudio for stm32 9.3.0/armtools/bin/../lib/gcc/arm-atollic-eabi/6.3.1/armv6-m\libgcc.a(_udivsi3.o)
                0x08000108                __aeabi_uidiv
                0x08000108                __udivsi3
                0x08000214                __aeabi_uidivmod
 .text          0x0800021c        0x4 c:/program files (x86)/atollic/truestudio for stm32 9.3.0/armtools/bin/../lib/gcc/arm-atollic-eabi/6.3.1/armv6-m\libgcc.a(_dvmd_tls.o)
                0x0800021c                __aeabi_idiv0
                0x0800021c                __aeabi_ldiv0
 *(.text*)
 .text.HAL_InitTick
                0x08000220       0x24 Drivers\STM32F0xx_HAL_Driver\Src\stm32f0xx_hal.o
                0x08000220                HAL_InitTick
 .text.HAL_Init
                0x08000244       0x20 Drivers\STM32F0xx_HAL_Driver\Src\stm32f0xx_hal.o
                0x08000244                HAL_Init
 .text.HAL_IncTick
                0x08000264       0x10 Drivers\STM32F0xx_HAL_Driver\Src\stm32f0xx_hal.o
                0x08000264                HAL_IncTick
 .text.HAL_GetTick
                0x08000274        0xc Drivers\STM32F0xx_HAL_Driver\Src\stm32f0xx_hal.o
                0x08000274                HAL_GetTick
 .text.ADC_Enable
                0x08000280       0x98 Drivers\STM32F0xx_HAL_Driver\Src\stm32f0xx_hal_adc.o
 .text.HAL_ADC_Init
                0x08000318      0x14c Drivers\STM32F0xx_HAL_Driver\Src\stm32f0xx_hal_adc.o
                0x08000318                HAL_ADC_Init
 .text.HAL_ADC_Start_DMA
                0x08000464       0x94 Drivers\STM32F0xx_HAL_Driver\Src\stm32f0xx_hal_adc.o
                0x08000464                HAL_ADC_Start_DMA
 .text.HAL_ADC_ConvCpltCallback
                0x080004f8        0x2 Drivers\STM32F0xx_HAL_Driver\Src\stm32f0xx_hal_adc.o
                0x080004f8                HAL_ADC_ConvCpltCallback
 *fill*         0x080004fa        0x2 
 .text.ADC_DMAConvCplt
                0x080004fc       0x70 Drivers\STM32F0xx_HAL_Driver\Src\stm32f0xx_hal_adc.o
 .text.HAL_ADC_ConvHalfCpltCallback
                0x0800056c        0x2 Drivers\STM32F0xx_HAL_Driver\Src\stm32f0xx_hal_adc.o
                0x0800056c                HAL_ADC_ConvHalfCpltCallback
 .text.ADC_DMAHalfConvCplt
                0x0800056e        0xa Drivers\STM32F0xx_HAL_Driver\Src\stm32f0xx_hal_adc.o
 .text.HAL_ADC_ErrorCallback
                0x08000578        0x2 Drivers\STM32F0xx_HAL_Driver\Src\stm32f0xx_hal_adc.o
                0x08000578                HAL_ADC_ErrorCallback
 .text.ADC_DMAError
                0x0800057a       0x1a Drivers\STM32F0xx_HAL_Driver\Src\stm32f0xx_hal_adc.o
 .text.HAL_ADC_ConfigChannel
                0x08000594       0xec Drivers\STM32F0xx_HAL_Driver\Src\stm32f0xx_hal_adc.o
                0x08000594                HAL_ADC_ConfigChannel
 .text.HAL_ADCEx_Calibration_Start
                0x08000680       0xa8 Drivers\STM32F0xx_HAL_Driver\Src\stm32f0xx_hal_adc_ex.o
                0x08000680                HAL_ADCEx_Calibration_Start
 .text.HAL_NVIC_SetPriority
                0x08000728       0x60 Drivers\STM32F0xx_HAL_Driver\Src\stm32f0xx_hal_cortex.o
                0x08000728                HAL_NVIC_SetPriority
 .text.HAL_NVIC_EnableIRQ
                0x08000788       0x14 Drivers\STM32F0xx_HAL_Driver\Src\stm32f0xx_hal_cortex.o
                0x08000788                HAL_NVIC_EnableIRQ
 .text.HAL_SYSTICK_Config
                0x0800079c       0x34 Drivers\STM32F0xx_HAL_Driver\Src\stm32f0xx_hal_cortex.o
                0x0800079c                HAL_SYSTICK_Config
 .text.HAL_DMA_Init
                0x080007d0       0x6c Drivers\STM32F0xx_HAL_Driver\Src\stm32f0xx_hal_dma.o
                0x080007d0                HAL_DMA_Init
 .text.HAL_DMA_Start_IT
                0x0800083c       0x76 Drivers\STM32F0xx_HAL_Driver\Src\stm32f0xx_hal_dma.o
                0x0800083c                HAL_DMA_Start_IT
 .text.HAL_DMA_IRQHandler
                0x080008b2       0x92 Drivers\STM32F0xx_HAL_Driver\Src\stm32f0xx_hal_dma.o
                0x080008b2                HAL_DMA_IRQHandler
 .text.HAL_GPIO_Init
                0x08000944      0x160 Drivers\STM32F0xx_HAL_Driver\Src\stm32f0xx_hal_gpio.o
                0x08000944                HAL_GPIO_Init
 .text.HAL_GPIO_ReadPin
                0x08000aa4        0xc Drivers\STM32F0xx_HAL_Driver\Src\stm32f0xx_hal_gpio.o
                0x08000aa4                HAL_GPIO_ReadPin
 .text.HAL_GPIO_WritePin
                0x08000ab0        0xc Drivers\STM32F0xx_HAL_Driver\Src\stm32f0xx_hal_gpio.o
                0x08000ab0                HAL_GPIO_WritePin
 .text.HAL_GPIO_EXTI_IRQHandler
                0x08000abc       0x18 Drivers\STM32F0xx_HAL_Driver\Src\stm32f0xx_hal_gpio.o
                0x08000abc                HAL_GPIO_EXTI_IRQHandler
 .text.I2C_Flush_TXDR
                0x08000ad4       0x1c Drivers\STM32F0xx_HAL_Driver\Src\stm32f0xx_hal_i2c.o
 .text.I2C_TransferConfig
                0x08000af0       0x24 Drivers\STM32F0xx_HAL_Driver\Src\stm32f0xx_hal_i2c.o
 .text.I2C_WaitOnFlagUntilTimeout
                0x08000b14       0x4c Drivers\STM32F0xx_HAL_Driver\Src\stm32f0xx_hal_i2c.o
 .text.I2C_IsAcknowledgeFailed
                0x08000b60       0x80 Drivers\STM32F0xx_HAL_Driver\Src\stm32f0xx_hal_i2c.o
 .text.I2C_WaitOnTXISFlagUntilTimeout
                0x08000be0       0x5a Drivers\STM32F0xx_HAL_Driver\Src\stm32f0xx_hal_i2c.o
 .text.I2C_RequestMemoryWrite
                0x08000c3a       0x68 Drivers\STM32F0xx_HAL_Driver\Src\stm32f0xx_hal_i2c.o
 .text.I2C_RequestMemoryRead
                0x08000ca2       0x66 Drivers\STM32F0xx_HAL_Driver\Src\stm32f0xx_hal_i2c.o
 .text.I2C_WaitOnSTOPFlagUntilTimeout
                0x08000d08       0x56 Drivers\STM32F0xx_HAL_Driver\Src\stm32f0xx_hal_i2c.o
 *fill*         0x08000d5e        0x2 
 .text.HAL_I2C_Init
                0x08000d60       0xac Drivers\STM32F0xx_HAL_Driver\Src\stm32f0xx_hal_i2c.o
                0x08000d60                HAL_I2C_Init
 .text.HAL_I2C_Mem_Write
                0x08000e0c      0x174 Drivers\STM32F0xx_HAL_Driver\Src\stm32f0xx_hal_i2c.o
                0x08000e0c                HAL_I2C_Mem_Write
 .text.HAL_I2C_Mem_Read
                0x08000f80      0x180 Drivers\STM32F0xx_HAL_Driver\Src\stm32f0xx_hal_i2c.o
                0x08000f80                HAL_I2C_Mem_Read
 .text.HAL_I2CEx_ConfigAnalogFilter
                0x08001100       0x4c Drivers\STM32F0xx_HAL_Driver\Src\stm32f0xx_hal_i2c_ex.o
                0x08001100                HAL_I2CEx_ConfigAnalogFilter
 .text.HAL_I2CEx_ConfigDigitalFilter
                0x0800114c       0x48 Drivers\STM32F0xx_HAL_Driver\Src\stm32f0xx_hal_i2c_ex.o
                0x0800114c                HAL_I2CEx_ConfigDigitalFilter
 .text.HAL_RCC_OscConfig
                0x08001194      0x3c4 Drivers\STM32F0xx_HAL_Driver\Src\stm32f0xx_hal_rcc.o
                0x08001194                HAL_RCC_OscConfig
 .text.HAL_RCC_GetSysClockFreq
                0x08001558       0x64 Drivers\STM32F0xx_HAL_Driver\Src\stm32f0xx_hal_rcc.o
                0x08001558                HAL_RCC_GetSysClockFreq
 .text.HAL_RCC_ClockConfig
                0x080015bc      0x12c Drivers\STM32F0xx_HAL_Driver\Src\stm32f0xx_hal_rcc.o
                0x080015bc                HAL_RCC_ClockConfig
 .text.HAL_RCC_GetHCLKFreq
                0x080016e8        0xc Drivers\STM32F0xx_HAL_Driver\Src\stm32f0xx_hal_rcc.o
                0x080016e8                HAL_RCC_GetHCLKFreq
 .text.HAL_RCCEx_PeriphCLKConfig
                0x080016f4      0x108 Drivers\STM32F0xx_HAL_Driver\Src\stm32f0xx_hal_rcc_ex.o
                0x080016f4                HAL_RCCEx_PeriphCLKConfig
 .text.HAL_TIM_Base_Start
                0x080017fc       0x18 Drivers\STM32F0xx_HAL_Driver\Src\stm32f0xx_hal_tim.o
                0x080017fc                HAL_TIM_Base_Start
 .text.HAL_TIM_Base_Start_IT
                0x08001814       0x14 Drivers\STM32F0xx_HAL_Driver\Src\stm32f0xx_hal_tim.o
                0x08001814                HAL_TIM_Base_Start_IT
 .text.HAL_TIM_Base_Stop_IT
                0x08001828       0x2c Drivers\STM32F0xx_HAL_Driver\Src\stm32f0xx_hal_tim.o
                0x08001828                HAL_TIM_Base_Stop_IT
 .text.HAL_TIM_OC_DelayElapsedCallback
                0x08001854        0x2 Drivers\STM32F0xx_HAL_Driver\Src\stm32f0xx_hal_tim.o
                0x08001854                HAL_TIM_OC_DelayElapsedCallback
 .text.HAL_TIM_IC_CaptureCallback
                0x08001856        0x2 Drivers\STM32F0xx_HAL_Driver\Src\stm32f0xx_hal_tim.o
                0x08001856                HAL_TIM_IC_CaptureCallback
 .text.HAL_TIM_PWM_PulseFinishedCallback
                0x08001858        0x2 Drivers\STM32F0xx_HAL_Driver\Src\stm32f0xx_hal_tim.o
                0x08001858                HAL_TIM_PWM_PulseFinishedCallback
 .text.HAL_TIM_TriggerCallback
                0x0800185a        0x2 Drivers\STM32F0xx_HAL_Driver\Src\stm32f0xx_hal_tim.o
                0x0800185a                HAL_TIM_TriggerCallback
 .text.HAL_TIM_IRQHandler
                0x0800185c      0x148 Drivers\STM32F0xx_HAL_Driver\Src\stm32f0xx_hal_tim.o
                0x0800185c                HAL_TIM_IRQHandler
 .text.TIM_Base_SetConfig
                0x080019a4       0x80 Drivers\STM32F0xx_HAL_Driver\Src\stm32f0xx_hal_tim.o
                0x080019a4                TIM_Base_SetConfig
 .text.HAL_TIM_Base_Init
                0x08001a24       0x36 Drivers\STM32F0xx_HAL_Driver\Src\stm32f0xx_hal_tim.o
                0x08001a24                HAL_TIM_Base_Init
 *fill*         0x08001a5a        0x2 
 .text.TIM_ETR_SetConfig
                0x08001a5c       0x18 Drivers\STM32F0xx_HAL_Driver\Src\stm32f0xx_hal_tim.o
                0x08001a5c                TIM_ETR_SetConfig
 .text.HAL_TIM_ConfigClockSource
                0x08001a74      0x168 Drivers\STM32F0xx_HAL_Driver\Src\stm32f0xx_hal_tim.o
                0x08001a74                HAL_TIM_ConfigClockSource
 .text.HAL_TIMEx_MasterConfigSynchronization
                0x08001bdc       0x42 Drivers\STM32F0xx_HAL_Driver\Src\stm32f0xx_hal_tim_ex.o
                0x08001bdc                HAL_TIMEx_MasterConfigSynchronization
 .text.HAL_TIMEx_CommutationCallback
                0x08001c1e        0x2 Drivers\STM32F0xx_HAL_Driver\Src\stm32f0xx_hal_tim_ex.o
                0x08001c1e                HAL_TIMEx_CommutationCallback
 .text.HAL_TIMEx_BreakCallback
                0x08001c20        0x2 Drivers\STM32F0xx_HAL_Driver\Src\stm32f0xx_hal_tim_ex.o
                0x08001c20                HAL_TIMEx_BreakCallback
 *fill*         0x08001c22        0x2 
 .text.UnlockWriteProtect
                0x08001c24       0x8c Lib\SD3077.o
 .text.TimeNow  0x08001cb0       0x90 Lib\SD3077.o
                0x08001cb0                TimeNow
 .text.SetTime  0x08001d40       0xb8 Lib\SD3077.o
                0x08001d40                SetTime
 .text.EnableSencodInterruptOuput
                0x08001df8       0x50 Lib\SD3077.o
                0x08001df8                EnableSencodInterruptOuput
 .text.SetInterruptOuput
                0x08001e48       0x58 Lib\SD3077.o
                0x08001e48                SetInterruptOuput
 .text.WriteBackData
                0x08001ea0       0x30 Lib\SD3077.o
                0x08001ea0                WriteBackData
 .text.ReadBackData
                0x08001ed0       0x28 Lib\SD3077.o
                0x08001ed0                ReadBackData
 .text.delay    0x08001ef8       0x14 Lib\TM1637.o
 .text.start    0x08001f0c       0x1c Lib\TM1637.o
 .text.WriteByte
                0x08001f28       0x38 Lib\TM1637.o
 .text.waitACK  0x08001f60       0x20 Lib\TM1637.o
 .text.stop     0x08001f80       0x28 Lib\TM1637.o
 .text.TM1637SetBrightness
                0x08001fa8       0x1a Lib\TM1637.o
                0x08001fa8                TM1637SetBrightness
 .text.TM1637Init
                0x08001fc2        0xa Lib\TM1637.o
                0x08001fc2                TM1637Init
 .text.TM1637ShowNumberRight
                0x08001fcc       0xd0 Lib\TM1637.o
                0x08001fcc                TM1637ShowNumberRight
 .text.TM1637SetRawData
                0x0800209c       0x3a Lib\TM1637.o
                0x0800209c                TM1637SetRawData
 *fill*         0x080020d6        0x2 
 .text.TM1637SetChar
                0x080020d8       0x28 Lib\TM1637.o
                0x080020d8                TM1637SetChar
 .text.MX_ADC_Init
                0x08002100       0x84 Src\adc.o
                0x08002100                MX_ADC_Init
 .text.HAL_ADC_MspInit
                0x08002184       0x94 Src\adc.o
                0x08002184                HAL_ADC_MspInit
 .text.MX_DMA_Init
                0x08002218       0x2c Src\dma.o
                0x08002218                MX_DMA_Init
 .text.MX_GPIO_Init
                0x08002244       0xe8 Src\gpio.o
                0x08002244                MX_GPIO_Init
 .text.MX_I2C1_Init
                0x0800232c       0x5c Src\i2c.o
                0x0800232c                MX_I2C1_Init
 .text.HAL_I2C_MspInit
                0x08002388       0x6c Src\i2c.o
                0x08002388                HAL_I2C_MspInit
 .text.saveSettings
                0x080023f4       0x88 Src\main.o
                0x080023f4                saveSettings
 .text.resetSettings
                0x0800247c       0x68 Src\main.o
                0x0800247c                resetSettings
 .text.checkRingOnTime
                0x080024e4       0x8c Src\main.o
                0x080024e4                checkRingOnTime
 .text.alarmStart
                0x08002570       0x20 Src\main.o
                0x08002570                alarmStart
 .text.alarmTimerTick
                0x08002590       0x7c Src\main.o
                0x08002590                alarmTimerTick
 .text.alarmStop
                0x0800260c       0x24 Src\main.o
                0x0800260c                alarmStop
 .text.checkAlarm
                0x08002630       0x6c Src\main.o
                0x08002630                checkAlarm
 .text.refreshTemperture
                0x0800269c       0x68 Src\main.o
                0x0800269c                refreshTemperture
 .text.refreshTimeDisplay
                0x08002704       0xec Src\main.o
                0x08002704                refreshTimeDisplay
 .text.refreshSettingsDisplay
                0x080027f0      0x2d0 Src\main.o
                0x080027f0                refreshSettingsDisplay
 .text.modeKeyClicked
                0x08002ac0      0x178 Src\main.o
                0x08002ac0                modeKeyClicked
 .text.modeKeyLongPressed
                0x08002c38       0x38 Src\main.o
                0x08002c38                modeKeyLongPressed
 .text.setKeyClicked
                0x08002c70      0x198 Src\main.o
                0x08002c70                setKeyClicked
 .text.setKeyPresseRepeatReport
                0x08002e08       0xd4 Src\main.o
                0x08002e08                setKeyPresseRepeatReport
 .text.setKeyPressed
                0x08002edc       0x10 Src\main.o
                0x08002edc                setKeyPressed
 .text.setKeyReleased
                0x08002eec       0x30 Src\main.o
                0x08002eec                setKeyReleased
 .text.modeKeyPressed
                0x08002f1c       0x10 Src\main.o
                0x08002f1c                modeKeyPressed
 .text.modeKeyReleased
                0x08002f2c       0x30 Src\main.o
                0x08002f2c                modeKeyReleased
 .text.SystemClock_Config
                0x08002f5c       0x66 Src\main.o
                0x08002f5c                SystemClock_Config
 *fill*         0x08002fc2        0x2 
 .text.startup.main
                0x08002fc4      0x2c4 Src\main.o
                0x08002fc4                main
 .text.HAL_GPIO_EXTI_Callback
                0x08003288       0x78 Src\main.o
                0x08003288                HAL_GPIO_EXTI_Callback
 .text.HAL_TIM_PeriodElapsedCallback
                0x08003300       0x74 Src\main.o
                0x08003300                HAL_TIM_PeriodElapsedCallback
 .text.Error_Handler
                0x08003374        0x2 Src\main.o
                0x08003374                Error_Handler
 *fill*         0x08003376        0x2 
 .text.HAL_MspInit
                0x08003378       0x30 Src\stm32f0xx_hal_msp.o
                0x08003378                HAL_MspInit
 .text.NMI_Handler
                0x080033a8        0x2 Src\stm32f0xx_it.o
                0x080033a8                NMI_Handler
 .text.HardFault_Handler
                0x080033aa        0x2 Src\stm32f0xx_it.o
                0x080033aa                HardFault_Handler
 .text.SVC_Handler
                0x080033ac        0x2 Src\stm32f0xx_it.o
                0x080033ac                SVC_Handler
 .text.PendSV_Handler
                0x080033ae        0x2 Src\stm32f0xx_it.o
                0x080033ae                PendSV_Handler
 .text.SysTick_Handler
                0x080033b0        0x8 Src\stm32f0xx_it.o
                0x080033b0                SysTick_Handler
 .text.EXTI0_1_IRQHandler
                0x080033b8        0xa Src\stm32f0xx_it.o
                0x080033b8                EXTI0_1_IRQHandler
 .text.EXTI2_3_IRQHandler
                0x080033c2       0x10 Src\stm32f0xx_it.o
                0x080033c2                EXTI2_3_IRQHandler
 *fill*         0x080033d2        0x2 
 .text.DMA1_Channel1_IRQHandler
                0x080033d4       0x10 Src\stm32f0xx_it.o
                0x080033d4                DMA1_Channel1_IRQHandler
 .text.TIM16_IRQHandler
                0x080033e4       0x10 Src\stm32f0xx_it.o
                0x080033e4                TIM16_IRQHandler
 .text.TIM17_IRQHandler
                0x080033f4       0x10 Src\stm32f0xx_it.o
                0x080033f4                TIM17_IRQHandler
 .text.SystemInit
                0x08003404       0x60 Src\system_stm32f0xx.o
                0x08003404                SystemInit
 .text.MX_TIM3_Init
                0x08003464       0x7c Src\tim.o
                0x08003464                MX_TIM3_Init
 .text.MX_TIM16_Init
                0x080034e0       0x3c Src\tim.o
                0x080034e0                MX_TIM16_Init
 .text.MX_TIM17_Init
                0x0800351c       0x38 Src\tim.o
                0x0800351c                MX_TIM17_Init
 .text.HAL_TIM_Base_MspInit
                0x08003554       0x84 Src\tim.o
                0x08003554                HAL_TIM_Base_MspInit
 .text.Reset_Handler
                0x080035d8       0x50 startup\startup_stm32f030x6.o
                0x080035d8                Reset_Handler
 .text.Default_Handler
                0x08003628        0x2 startup\startup_stm32f030x6.o
                0x08003628                TIM1_CC_IRQHandler
                0x08003628                I2C1_IRQHandler
                0x08003628                SPI1_IRQHandler
                0x08003628                ADC1_IRQHandler
                0x08003628                RTC_IRQHandler
                0x08003628                TIM3_IRQHandler
                0x08003628                EXTI4_15_IRQHandler
                0x08003628                RCC_IRQHandler
                0x08003628                Default_Handler
                0x08003628                TIM14_IRQHandler
                0x08003628                DMA1_Channel4_5_IRQHandler
                0x08003628                WWDG_IRQHandler
                0x08003628                DMA1_Channel2_3_IRQHandler
                0x08003628                FLASH_IRQHandler
                0x08003628                USART1_IRQHandler
                0x08003628                TIM1_BRK_UP_TRG_COM_IRQHandler
 *fill*         0x0800362a        0x2 
 .text.__libc_init_array
                0x0800362c       0x48 c:/program files (x86)/atollic/truestudio for stm32 9.3.0/armtools/bin/../lib/gcc/arm-atollic-eabi/6.3.1/../../../../arm-atollic-eabi/lib/armv6-m\libc_nano.a(lib_a-init.o)
                0x0800362c                __libc_init_array
 .text.memcpy   0x08003674       0x12 c:/program files (x86)/atollic/truestudio for stm32 9.3.0/armtools/bin/../lib/gcc/arm-atollic-eabi/6.3.1/../../../../arm-atollic-eabi/lib/armv6-m\libc_nano.a(lib_a-memcpy-stub.o)
                0x08003674                memcpy
 .text.memset   0x08003686       0x10 c:/program files (x86)/atollic/truestudio for stm32 9.3.0/armtools/bin/../lib/gcc/arm-atollic-eabi/6.3.1/../../../../arm-atollic-eabi/lib/armv6-m\libc_nano.a(lib_a-memset.o)
                0x08003686                memset
 *(.glue_7)
 .glue_7        0x08003696        0x0 linker stubs
 *(.glue_7t)
 .glue_7t       0x08003696        0x0 linker stubs
 *(.eh_frame)
 *fill*         0x08003696        0x2 
 .eh_frame      0x08003698        0x0 c:/program files (x86)/atollic/truestudio for stm32 9.3.0/armtools/bin/../lib/gcc/arm-atollic-eabi/6.3.1/armv6-m/crtbegin.o
 *(.init)
 .init          0x08003698        0x4 c:/program files (x86)/atollic/truestudio for stm32 9.3.0/armtools/bin/../lib/gcc/arm-atollic-eabi/6.3.1/armv6-m/crti.o
                0x08003698                _init
 .init          0x0800369c        0x8 c:/program files (x86)/atollic/truestudio for stm32 9.3.0/armtools/bin/../lib/gcc/arm-atollic-eabi/6.3.1/armv6-m/crtn.o
 *(.fini)
 .fini          0x080036a4        0x4 c:/program files (x86)/atollic/truestudio for stm32 9.3.0/armtools/bin/../lib/gcc/arm-atollic-eabi/6.3.1/armv6-m/crti.o
                0x080036a4                _fini
 .fini          0x080036a8        0x8 c:/program files (x86)/atollic/truestudio for stm32 9.3.0/armtools/bin/../lib/gcc/arm-atollic-eabi/6.3.1/armv6-m/crtn.o
                0x080036b0                . = ALIGN (0x4)
                0x080036b0                _etext = .

.vfp11_veneer   0x080036b0        0x0
 .vfp11_veneer  0x080036b0        0x0 linker stubs

.v4_bx          0x080036b0        0x0
 .v4_bx         0x080036b0        0x0 linker stubs

.iplt           0x080036b0        0x0
 .iplt          0x080036b0        0x0 c:/program files (x86)/atollic/truestudio for stm32 9.3.0/armtools/bin/../lib/gcc/arm-atollic-eabi/6.3.1/armv6-m/crtbegin.o

.rodata         0x080036b0      0x180
                0x080036b0                . = ALIGN (0x4)
 *(.rodata)
 .rodata        0x080036b0       0x20 Drivers\STM32F0xx_HAL_Driver\Src\stm32f0xx_hal_rcc.o
 *(.rodata*)
 .rodata.CSWTCH.10
                0x080036d0       0x49 Lib\TM1637.o
 .rodata.numbersMap
                0x08003719        0xa Lib\TM1637.o
                0x08003719                numbersMap
 *fill*         0x08003723        0x1 
 .rodata.tempertureMap
                0x08003724       0xfc Src\main.o
                0x08003724                tempertureMap
 .rodata.AHBPrescTable
                0x08003820       0x10 Src\system_stm32f0xx.o
                0x08003820                AHBPrescTable
                0x08003830                . = ALIGN (0x4)

.rel.dyn        0x08003830        0x0
 .rel.iplt      0x08003830        0x0 c:/program files (x86)/atollic/truestudio for stm32 9.3.0/armtools/bin/../lib/gcc/arm-atollic-eabi/6.3.1/armv6-m/crtbegin.o

.ARM.extab
 *(.ARM.extab* .gnu.linkonce.armextab.*)

.ARM            0x08003830        0x0
                0x08003830                __exidx_start = .
 *(.ARM.exidx*)
                0x08003830                __exidx_end = .

.preinit_array  0x08003830        0x0
                0x08003830                PROVIDE (__preinit_array_start, .)
 *(.preinit_array*)
                0x08003830                PROVIDE (__preinit_array_end, .)

.init_array     0x08003830        0x4
                0x08003830                PROVIDE (__init_array_start, .)
 *(SORT(.init_array.*))
 *(.init_array*)
 .init_array    0x08003830        0x4 c:/program files (x86)/atollic/truestudio for stm32 9.3.0/armtools/bin/../lib/gcc/arm-atollic-eabi/6.3.1/armv6-m/crtbegin.o
                0x08003834                PROVIDE (__init_array_end, .)

.fini_array     0x08003834        0x4
                [!provide]                PROVIDE (__fini_array_start, .)
 *(SORT(.fini_array.*))
 *(.fini_array*)
 .fini_array    0x08003834        0x4 c:/program files (x86)/atollic/truestudio for stm32 9.3.0/armtools/bin/../lib/gcc/arm-atollic-eabi/6.3.1/armv6-m/crtbegin.o
                [!provide]                PROVIDE (__fini_array_end, .)
                0x08003838                _sidata = LOADADDR (.data)

.data           0x20000000        0x8 load address 0x08003838
                0x20000000                . = ALIGN (0x4)
                0x20000000                _sdata = .
 *(.data)
 *(.data*)
 .data.isWeakBrightness
                0x20000000        0x1 Src\main.o
                0x20000000                isWeakBrightness
 .data.temperture
                0x20000001        0x1 Src\main.o
                0x20000001                temperture
 *fill*         0x20000002        0x2 
 .data.SystemCoreClock
                0x20000004        0x4 Src\system_stm32f0xx.o
                0x20000004                SystemCoreClock
                0x20000008                . = ALIGN (0x4)
                0x20000008                _edata = .

.igot.plt       0x20000008        0x0 load address 0x08003840
 .igot.plt      0x20000008        0x0 c:/program files (x86)/atollic/truestudio for stm32 9.3.0/armtools/bin/../lib/gcc/arm-atollic-eabi/6.3.1/armv6-m/crtbegin.o
                0x20000008                . = ALIGN (0x4)

.bss            0x20000008      0x224 load address 0x08003840
                0x20000008                _sbss = .
                0x20000008                __bss_start__ = _sbss
 *(.bss)
 .bss           0x20000008       0x1c c:/program files (x86)/atollic/truestudio for stm32 9.3.0/armtools/bin/../lib/gcc/arm-atollic-eabi/6.3.1/armv6-m/crtbegin.o
 *(.bss*)
 .bss.alarmHour
                0x20000024        0x1 Src\main.o
                0x20000024                alarmHour
 .bss.alarmMin  0x20000025        0x1 Src\main.o
                0x20000025                alarmMin
 .bss.currentMode
                0x20000026        0x1 Src\main.o
                0x20000026                currentMode
 .bss.isAlarmEnabled
                0x20000027        0x1 Src\main.o
                0x20000027                isAlarmEnabled
 .bss.isAlarmed
                0x20000028        0x1 Src\main.o
                0x20000028                isAlarmed
 .bss.isAlarming
                0x20000029        0x1 Src\main.o
                0x20000029                isAlarming
 .bss.isInitCompleted
                0x2000002a        0x1 Src\main.o
                0x2000002a                isInitCompleted
 .bss.savedBrightness
                0x2000002b        0x1 Src\main.o
                0x2000002b                savedBrightness
 .bss.setKeyRepeatReported
                0x2000002c        0x1 Src\main.o
                0x2000002c                setKeyRepeatReported
 .bss.tempBuffered
                0x2000002d        0x1 Src\main.o
                0x2000002d                tempBuffered
 *(COMMON)
 *fill*         0x2000002e        0x2 
 COMMON         0x20000030        0x4 Drivers\STM32F0xx_HAL_Driver\Src\stm32f0xx_hal.o
                0x20000030                uwTick
 COMMON         0x20000034       0x90 Src\adc.o
                0x20000034                hdma_adc
                0x20000078                hadc
 COMMON         0x200000c4       0x4c Src\i2c.o
                0x200000c4                hi2c1
 COMMON         0x20000110       0x5a Src\main.o
                0x20000110                tempertureShowTime
                0x20000111                strongBrightness
                0x20000114                ringStartTime
                0x20000118                ringOnTimeStart
                0x2000011c                lastSetKeyPressTime
                0x20000120                tempBuffer
                0x20000134                alarmBeepCount
                0x20000138                tempertureHideTime
                0x2000013c                lastModeKeyPressTime
                0x20000140                blinkControl
                0x20000141                isRingOnTimeEnabled
                0x20000142                lastTime
                0x2000014a                lastRingOnTimeHour
                0x2000014b                time
                0x20000154                lastSetKeyPressReportTime
                0x20000158                alarmTimestamp
                0x2000015c                lastDisplayChangeTime
                0x20000160                adcValue
                0x20000168                weakBrightness
                0x20000169                ringOnTimeStop
 *fill*         0x2000016a        0x2 
 COMMON         0x2000016c       0xc0 Src\tim.o
                0x2000016c                htim17
                0x200001ac                htim3
                0x200001ec                htim16
                0x2000022c                . = ALIGN (0x4)
                0x2000022c                _ebss = .
                0x2000022c                __bss_end__ = _ebss

._user_heap_stack
                0x2000022c      0x600 load address 0x08003840
                0x2000022c                . = ALIGN (0x4)
                0x2000022c                PROVIDE (end, .)
                [!provide]                PROVIDE (_end, .)
                0x2000042c                . = (. + _Min_Heap_Size)
 *fill*         0x2000022c      0x200 
                0x2000082c                . = (. + _Min_Stack_Size)
 *fill*         0x2000042c      0x400 
                0x2000082c                . = ALIGN (0x4)

/DISCARD/
 libc.a(*)
 libm.a(*)
 libgcc.a(*)

.ARM.attributes
                0x00000000       0x28
 *(.ARM.attributes)
 .ARM.attributes
                0x00000000       0x1e c:/program files (x86)/atollic/truestudio for stm32 9.3.0/armtools/bin/../lib/gcc/arm-atollic-eabi/6.3.1/armv6-m/crti.o
 .ARM.attributes
                0x0000001e       0x2c c:/program files (x86)/atollic/truestudio for stm32 9.3.0/armtools/bin/../lib/gcc/arm-atollic-eabi/6.3.1/armv6-m/crtbegin.o
 .ARM.attributes
                0x0000004a       0x31 Drivers\STM32F0xx_HAL_Driver\Src\stm32f0xx_hal.o
 .ARM.attributes
                0x0000007b       0x31 Drivers\STM32F0xx_HAL_Driver\Src\stm32f0xx_hal_adc.o
 .ARM.attributes
                0x000000ac       0x31 Drivers\STM32F0xx_HAL_Driver\Src\stm32f0xx_hal_adc_ex.o
 .ARM.attributes
                0x000000dd       0x31 Drivers\STM32F0xx_HAL_Driver\Src\stm32f0xx_hal_cortex.o
 .ARM.attributes
                0x0000010e       0x31 Drivers\STM32F0xx_HAL_Driver\Src\stm32f0xx_hal_dma.o
 .ARM.attributes
                0x0000013f       0x31 Drivers\STM32F0xx_HAL_Driver\Src\stm32f0xx_hal_gpio.o
 .ARM.attributes
                0x00000170       0x31 Drivers\STM32F0xx_HAL_Driver\Src\stm32f0xx_hal_i2c.o
 .ARM.attributes
                0x000001a1       0x31 Drivers\STM32F0xx_HAL_Driver\Src\stm32f0xx_hal_i2c_ex.o
 .ARM.attributes
                0x000001d2       0x31 Drivers\STM32F0xx_HAL_Driver\Src\stm32f0xx_hal_rcc.o
 .ARM.attributes
                0x00000203       0x31 Drivers\STM32F0xx_HAL_Driver\Src\stm32f0xx_hal_rcc_ex.o
 .ARM.attributes
                0x00000234       0x31 Drivers\STM32F0xx_HAL_Driver\Src\stm32f0xx_hal_tim.o
 .ARM.attributes
                0x00000265       0x31 Drivers\STM32F0xx_HAL_Driver\Src\stm32f0xx_hal_tim_ex.o
 .ARM.attributes
                0x00000296       0x31 Lib\SD3077.o
 .ARM.attributes
                0x000002c7       0x31 Lib\TM1637.o
 .ARM.attributes
                0x000002f8       0x31 Src\adc.o
 .ARM.attributes
                0x00000329       0x31 Src\dma.o
 .ARM.attributes
                0x0000035a       0x31 Src\gpio.o
 .ARM.attributes
                0x0000038b       0x31 Src\i2c.o
 .ARM.attributes
                0x000003bc       0x31 Src\main.o
 .ARM.attributes
                0x000003ed       0x31 Src\stm32f0xx_hal_msp.o
 .ARM.attributes
                0x0000041e       0x31 Src\stm32f0xx_it.o
 .ARM.attributes
                0x0000044f       0x31 Src\system_stm32f0xx.o
 .ARM.attributes
                0x00000480       0x31 Src\tim.o
 .ARM.attributes
                0x000004b1       0x21 startup\startup_stm32f030x6.o
 .ARM.attributes
                0x000004d2       0x2c c:/program files (x86)/atollic/truestudio for stm32 9.3.0/armtools/bin/../lib/gcc/arm-atollic-eabi/6.3.1/../../../../arm-atollic-eabi/lib/armv6-m\libc_nano.a(lib_a-init.o)
 .ARM.attributes
                0x000004fe       0x2c c:/program files (x86)/atollic/truestudio for stm32 9.3.0/armtools/bin/../lib/gcc/arm-atollic-eabi/6.3.1/../../../../arm-atollic-eabi/lib/armv6-m\libc_nano.a(lib_a-memcpy-stub.o)
 .ARM.attributes
                0x0000052a       0x2c c:/program files (x86)/atollic/truestudio for stm32 9.3.0/armtools/bin/../lib/gcc/arm-atollic-eabi/6.3.1/../../../../arm-atollic-eabi/lib/armv6-m\libc_nano.a(lib_a-memset.o)
 .ARM.attributes
                0x00000556       0x1e c:/program files (x86)/atollic/truestudio for stm32 9.3.0/armtools/bin/../lib/gcc/arm-atollic-eabi/6.3.1/armv6-m\libgcc.a(_udivsi3.o)
 .ARM.attributes
                0x00000574       0x1e c:/program files (x86)/atollic/truestudio for stm32 9.3.0/armtools/bin/../lib/gcc/arm-atollic-eabi/6.3.1/armv6-m\libgcc.a(_dvmd_tls.o)
 .ARM.attributes
                0x00000592       0x1e c:/program files (x86)/atollic/truestudio for stm32 9.3.0/armtools/bin/../lib/gcc/arm-atollic-eabi/6.3.1/armv6-m/crtn.o
OUTPUT(STM32F030F4-LEDClock.elf elf32-littlearm)

.debug_info     0x00000000    0x1d7a3
 .debug_info    0x00000000      0xe2b Drivers\STM32F0xx_HAL_Driver\Src\stm32f0xx_hal.o
 .debug_info    0x00000e2b     0x1672 Drivers\STM32F0xx_HAL_Driver\Src\stm32f0xx_hal_adc.o
 .debug_info    0x0000249d      0xdad Drivers\STM32F0xx_HAL_Driver\Src\stm32f0xx_hal_adc_ex.o
 .debug_info    0x0000324a      0xfdb Drivers\STM32F0xx_HAL_Driver\Src\stm32f0xx_hal_cortex.o
 .debug_info    0x00004225     0x1018 Drivers\STM32F0xx_HAL_Driver\Src\stm32f0xx_hal_dma.o
 .debug_info    0x0000523d      0xe4c Drivers\STM32F0xx_HAL_Driver\Src\stm32f0xx_hal_gpio.o
 .debug_info    0x00006089     0x393c Drivers\STM32F0xx_HAL_Driver\Src\stm32f0xx_hal_i2c.o
 .debug_info    0x000099c5     0x1025 Drivers\STM32F0xx_HAL_Driver\Src\stm32f0xx_hal_i2c_ex.o
 .debug_info    0x0000a9ea     0x1168 Drivers\STM32F0xx_HAL_Driver\Src\stm32f0xx_hal_rcc.o
 .debug_info    0x0000bb52      0xbed Drivers\STM32F0xx_HAL_Driver\Src\stm32f0xx_hal_rcc_ex.o
 .debug_info    0x0000c73f     0x3bff Drivers\STM32F0xx_HAL_Driver\Src\stm32f0xx_hal_tim.o
 .debug_info    0x0001033e     0x1932 Drivers\STM32F0xx_HAL_Driver\Src\stm32f0xx_hal_tim_ex.o
 .debug_info    0x00011c70     0x14ff Lib\SD3077.o
 .debug_info    0x0001316f      0xfce Lib\TM1637.o
 .debug_info    0x0001413d     0x1166 Src\adc.o
 .debug_info    0x000152a3      0xaeb Src\dma.o
 .debug_info    0x00015d8e      0xd67 Src\gpio.o
 .debug_info    0x00016af5     0x117f Src\i2c.o
 .debug_info    0x00017c74     0x2501 Src\main.o
 .debug_info    0x0001a175      0xa16 Src\stm32f0xx_hal_msp.o
 .debug_info    0x0001ab8b      0xef5 Src\stm32f0xx_it.o
 .debug_info    0x0001ba80      0xa67 Src\system_stm32f0xx.o
 .debug_info    0x0001c4e7     0x1244 Src\tim.o
 .debug_info    0x0001d72b       0x78 startup\startup_stm32f030x6.o

.debug_abbrev   0x00000000     0x3b3f
 .debug_abbrev  0x00000000      0x2d1 Drivers\STM32F0xx_HAL_Driver\Src\stm32f0xx_hal.o
 .debug_abbrev  0x000002d1      0x33d Drivers\STM32F0xx_HAL_Driver\Src\stm32f0xx_hal_adc.o
 .debug_abbrev  0x0000060e      0x1d7 Drivers\STM32F0xx_HAL_Driver\Src\stm32f0xx_hal_adc_ex.o
 .debug_abbrev  0x000007e5      0x30a Drivers\STM32F0xx_HAL_Driver\Src\stm32f0xx_hal_cortex.o
 .debug_abbrev  0x00000aef      0x2a3 Drivers\STM32F0xx_HAL_Driver\Src\stm32f0xx_hal_dma.o
 .debug_abbrev  0x00000d92      0x277 Drivers\STM32F0xx_HAL_Driver\Src\stm32f0xx_hal_gpio.o
 .debug_abbrev  0x00001009      0x38c Drivers\STM32F0xx_HAL_Driver\Src\stm32f0xx_hal_i2c.o
 .debug_abbrev  0x00001395      0x227 Drivers\STM32F0xx_HAL_Driver\Src\stm32f0xx_hal_i2c_ex.o
 .debug_abbrev  0x000015bc      0x2ea Drivers\STM32F0xx_HAL_Driver\Src\stm32f0xx_hal_rcc.o
 .debug_abbrev  0x000018a6      0x268 Drivers\STM32F0xx_HAL_Driver\Src\stm32f0xx_hal_rcc_ex.o
 .debug_abbrev  0x00001b0e      0x3a5 Drivers\STM32F0xx_HAL_Driver\Src\stm32f0xx_hal_tim.o
 .debug_abbrev  0x00001eb3      0x30d Drivers\STM32F0xx_HAL_Driver\Src\stm32f0xx_hal_tim_ex.o
 .debug_abbrev  0x000021c0      0x2a0 Lib\SD3077.o
 .debug_abbrev  0x00002460      0x2d5 Lib\TM1637.o
 .debug_abbrev  0x00002735      0x237 Src\adc.o
 .debug_abbrev  0x0000296c      0x1f5 Src\dma.o
 .debug_abbrev  0x00002b61      0x213 Src\gpio.o
 .debug_abbrev  0x00002d74      0x23c Src\i2c.o
 .debug_abbrev  0x00002fb0      0x385 Src\main.o
 .debug_abbrev  0x00003335      0x1a4 Src\stm32f0xx_hal_msp.o
 .debug_abbrev  0x000034d9      0x236 Src\stm32f0xx_it.o
 .debug_abbrev  0x0000370f      0x1ca Src\system_stm32f0xx.o
 .debug_abbrev  0x000038d9      0x254 Src\tim.o
 .debug_abbrev  0x00003b2d       0x12 startup\startup_stm32f030x6.o

.debug_loc      0x00000000     0xafe4
 .debug_loc     0x00000000       0x7c Drivers\STM32F0xx_HAL_Driver\Src\stm32f0xx_hal.o
 .debug_loc     0x0000007c      0xaad Drivers\STM32F0xx_HAL_Driver\Src\stm32f0xx_hal_adc.o
 .debug_loc     0x00000b29       0xfb Drivers\STM32F0xx_HAL_Driver\Src\stm32f0xx_hal_adc_ex.o
 .debug_loc     0x00000c24      0x3cc Drivers\STM32F0xx_HAL_Driver\Src\stm32f0xx_hal_cortex.o
 .debug_loc     0x00000ff0      0x7ca Drivers\STM32F0xx_HAL_Driver\Src\stm32f0xx_hal_dma.o
 .debug_loc     0x000017ba      0x307 Drivers\STM32F0xx_HAL_Driver\Src\stm32f0xx_hal_gpio.o
 .debug_loc     0x00001ac1     0x32b8 Drivers\STM32F0xx_HAL_Driver\Src\stm32f0xx_hal_i2c.o
 .debug_loc     0x00004d79      0x13a Drivers\STM32F0xx_HAL_Driver\Src\stm32f0xx_hal_i2c_ex.o
 .debug_loc     0x00004eb3      0x49e Drivers\STM32F0xx_HAL_Driver\Src\stm32f0xx_hal_rcc.o
 .debug_loc     0x00005351      0x26f Drivers\STM32F0xx_HAL_Driver\Src\stm32f0xx_hal_rcc_ex.o
 .debug_loc     0x000055c0     0x3b0a Drivers\STM32F0xx_HAL_Driver\Src\stm32f0xx_hal_tim.o
 .debug_loc     0x000090ca      0xb81 Drivers\STM32F0xx_HAL_Driver\Src\stm32f0xx_hal_tim_ex.o
 .debug_loc     0x00009c4b      0x17f Lib\SD3077.o
 .debug_loc     0x00009dca      0x520 Lib\TM1637.o
 .debug_loc     0x0000a2ea       0x58 Src\adc.o
 .debug_loc     0x0000a342       0x4d Src\i2c.o
 .debug_loc     0x0000a38f      0xa88 Src\main.o
 .debug_loc     0x0000ae17      0x127 Src\system_stm32f0xx.o
 .debug_loc     0x0000af3e       0xa6 Src\tim.o

.debug_aranges  0x00000000      0xc70
 .debug_aranges
                0x00000000       0xb0 Drivers\STM32F0xx_HAL_Driver\Src\stm32f0xx_hal.o
 .debug_aranges
                0x000000b0       0xd0 Drivers\STM32F0xx_HAL_Driver\Src\stm32f0xx_hal_adc.o
 .debug_aranges
                0x00000180       0x20 Drivers\STM32F0xx_HAL_Driver\Src\stm32f0xx_hal_adc_ex.o
 .debug_aranges
                0x000001a0       0x78 Drivers\STM32F0xx_HAL_Driver\Src\stm32f0xx_hal_cortex.o
 .debug_aranges
                0x00000218       0x78 Drivers\STM32F0xx_HAL_Driver\Src\stm32f0xx_hal_dma.o
 .debug_aranges
                0x00000290       0x58 Drivers\STM32F0xx_HAL_Driver\Src\stm32f0xx_hal_gpio.o
 .debug_aranges
                0x000002e8      0x200 Drivers\STM32F0xx_HAL_Driver\Src\stm32f0xx_hal_i2c.o
 .debug_aranges
                0x000004e8       0x38 Drivers\STM32F0xx_HAL_Driver\Src\stm32f0xx_hal_i2c_ex.o
 .debug_aranges
                0x00000520       0x80 Drivers\STM32F0xx_HAL_Driver\Src\stm32f0xx_hal_rcc.o
 .debug_aranges
                0x000005a0       0x30 Drivers\STM32F0xx_HAL_Driver\Src\stm32f0xx_hal_rcc_ex.o
 .debug_aranges
                0x000005d0      0x268 Drivers\STM32F0xx_HAL_Driver\Src\stm32f0xx_hal_tim.o
 .debug_aranges
                0x00000838       0xf0 Drivers\STM32F0xx_HAL_Driver\Src\stm32f0xx_hal_tim_ex.o
 .debug_aranges
                0x00000928       0x50 Lib\SD3077.o
 .debug_aranges
                0x00000978       0x78 Lib\TM1637.o
 .debug_aranges
                0x000009f0       0x30 Src\adc.o
 .debug_aranges
                0x00000a20       0x20 Src\dma.o
 .debug_aranges
                0x00000a40       0x20 Src\gpio.o
 .debug_aranges
                0x00000a60       0x30 Src\i2c.o
 .debug_aranges
                0x00000a90       0xd8 Src\main.o
 .debug_aranges
                0x00000b68       0x20 Src\stm32f0xx_hal_msp.o
 .debug_aranges
                0x00000b88       0x58 Src\stm32f0xx_it.o
 .debug_aranges
                0x00000be0       0x28 Src\system_stm32f0xx.o
 .debug_aranges
                0x00000c08       0x40 Src\tim.o
 .debug_aranges
                0x00000c48       0x28 startup\startup_stm32f030x6.o

.debug_ranges   0x00000000     0x12b0
 .debug_ranges  0x00000000       0xa0 Drivers\STM32F0xx_HAL_Driver\Src\stm32f0xx_hal.o
 .debug_ranges  0x000000a0       0xc0 Drivers\STM32F0xx_HAL_Driver\Src\stm32f0xx_hal_adc.o
 .debug_ranges  0x00000160       0x10 Drivers\STM32F0xx_HAL_Driver\Src\stm32f0xx_hal_adc_ex.o
 .debug_ranges  0x00000170      0x120 Drivers\STM32F0xx_HAL_Driver\Src\stm32f0xx_hal_cortex.o
 .debug_ranges  0x00000290       0xe8 Drivers\STM32F0xx_HAL_Driver\Src\stm32f0xx_hal_dma.o
 .debug_ranges  0x00000378       0x70 Drivers\STM32F0xx_HAL_Driver\Src\stm32f0xx_hal_gpio.o
 .debug_ranges  0x000003e8      0x280 Drivers\STM32F0xx_HAL_Driver\Src\stm32f0xx_hal_i2c.o
 .debug_ranges  0x00000668       0x68 Drivers\STM32F0xx_HAL_Driver\Src\stm32f0xx_hal_i2c_ex.o
 .debug_ranges  0x000006d0       0xa0 Drivers\STM32F0xx_HAL_Driver\Src\stm32f0xx_hal_rcc.o
 .debug_ranges  0x00000770       0x40 Drivers\STM32F0xx_HAL_Driver\Src\stm32f0xx_hal_rcc_ex.o
 .debug_ranges  0x000007b0      0x470 Drivers\STM32F0xx_HAL_Driver\Src\stm32f0xx_hal_tim.o
 .debug_ranges  0x00000c20       0xe0 Drivers\STM32F0xx_HAL_Driver\Src\stm32f0xx_hal_tim_ex.o
 .debug_ranges  0x00000d00       0xd0 Lib\SD3077.o
 .debug_ranges  0x00000dd0      0x138 Lib\TM1637.o
 .debug_ranges  0x00000f08       0x70 Src\adc.o
 .debug_ranges  0x00000f78       0x38 Src\dma.o
 .debug_ranges  0x00000fb0       0x98 Src\gpio.o
 .debug_ranges  0x00001048       0x40 Src\i2c.o
 .debug_ranges  0x00001088       0xe0 Src\main.o
 .debug_ranges  0x00001168       0x58 Src\stm32f0xx_hal_msp.o
 .debug_ranges  0x000011c0       0x48 Src\stm32f0xx_it.o
 .debug_ranges  0x00001208       0x18 Src\system_stm32f0xx.o
 .debug_ranges  0x00001220       0x70 Src\tim.o
 .debug_ranges  0x00001290       0x20 startup\startup_stm32f030x6.o

.debug_line     0x00000000     0x82eb
 .debug_line    0x00000000      0x440 Drivers\STM32F0xx_HAL_Driver\Src\stm32f0xx_hal.o
 .debug_line    0x00000440      0x859 Drivers\STM32F0xx_HAL_Driver\Src\stm32f0xx_hal_adc.o
 .debug_line    0x00000c99      0x327 Drivers\STM32F0xx_HAL_Driver\Src\stm32f0xx_hal_adc_ex.o
 .debug_line    0x00000fc0      0x413 Drivers\STM32F0xx_HAL_Driver\Src\stm32f0xx_hal_cortex.o
 .debug_line    0x000013d3      0x570 Drivers\STM32F0xx_HAL_Driver\Src\stm32f0xx_hal_dma.o
 .debug_line    0x00001943      0x421 Drivers\STM32F0xx_HAL_Driver\Src\stm32f0xx_hal_gpio.o
 .debug_line    0x00001d64     0x162d Drivers\STM32F0xx_HAL_Driver\Src\stm32f0xx_hal_i2c.o
 .debug_line    0x00003391      0x368 Drivers\STM32F0xx_HAL_Driver\Src\stm32f0xx_hal_i2c_ex.o
 .debug_line    0x000036f9      0x623 Drivers\STM32F0xx_HAL_Driver\Src\stm32f0xx_hal_rcc.o
 .debug_line    0x00003d1c      0x3b4 Drivers\STM32F0xx_HAL_Driver\Src\stm32f0xx_hal_rcc_ex.o
 .debug_line    0x000040d0     0x12f6 Drivers\STM32F0xx_HAL_Driver\Src\stm32f0xx_hal_tim.o
 .debug_line    0x000053c6      0x798 Drivers\STM32F0xx_HAL_Driver\Src\stm32f0xx_hal_tim_ex.o
 .debug_line    0x00005b5e      0x3bb Lib\SD3077.o
 .debug_line    0x00005f19      0x3cf Lib\TM1637.o
 .debug_line    0x000062e8      0x33d Src\adc.o
 .debug_line    0x00006625      0x256 Src\dma.o
 .debug_line    0x0000687b      0x2a0 Src\gpio.o
 .debug_line    0x00006b1b      0x31d Src\i2c.o
 .debug_line    0x00006e38      0x916 Src\main.o
 .debug_line    0x0000774e      0x224 Src\stm32f0xx_hal_msp.o
 .debug_line    0x00007972      0x328 Src\stm32f0xx_it.o
 .debug_line    0x00007c9a      0x25d Src\system_stm32f0xx.o
 .debug_line    0x00007ef7      0x371 Src\tim.o
 .debug_line    0x00008268       0x83 startup\startup_stm32f030x6.o

.debug_str      0x00000000     0x4309
 .debug_str     0x00000000      0x97b Drivers\STM32F0xx_HAL_Driver\Src\stm32f0xx_hal.o
                                0xa08 (size before relaxing)
 .debug_str     0x0000097b      0x664 Drivers\STM32F0xx_HAL_Driver\Src\stm32f0xx_hal_adc.o
                                0xd10 (size before relaxing)
 .debug_str     0x00000fdf       0x77 Drivers\STM32F0xx_HAL_Driver\Src\stm32f0xx_hal_adc_ex.o
                                0x9f6 (size before relaxing)
 .debug_str     0x00001056      0x1d0 Drivers\STM32F0xx_HAL_Driver\Src\stm32f0xx_hal_cortex.o
                                0xa10 (size before relaxing)
 .debug_str     0x00001226      0x238 Drivers\STM32F0xx_HAL_Driver\Src\stm32f0xx_hal_dma.o
                                0xa79 (size before relaxing)
 .debug_str     0x0000145e      0x1c1 Drivers\STM32F0xx_HAL_Driver\Src\stm32f0xx_hal_gpio.o
                                0x86a (size before relaxing)
 .debug_str     0x0000161f      0xa3d Drivers\STM32F0xx_HAL_Driver\Src\stm32f0xx_hal_i2c.o
                               0x12cd (size before relaxing)
 .debug_str     0x0000205c       0xc4 Drivers\STM32F0xx_HAL_Driver\Src\stm32f0xx_hal_i2c_ex.o
                                0xc04 (size before relaxing)
 .debug_str     0x00002120      0x2dc Drivers\STM32F0xx_HAL_Driver\Src\stm32f0xx_hal_rcc.o
                                0xa4a (size before relaxing)
 .debug_str     0x000023fc      0x127 Drivers\STM32F0xx_HAL_Driver\Src\stm32f0xx_hal_rcc_ex.o
                                0x80a (size before relaxing)
 .debug_str     0x00002523      0xf37 Drivers\STM32F0xx_HAL_Driver\Src\stm32f0xx_hal_tim.o
                               0x17e5 (size before relaxing)
 .debug_str     0x0000345a      0x50d Drivers\STM32F0xx_HAL_Driver\Src\stm32f0xx_hal_tim_ex.o
                               0x1057 (size before relaxing)
 .debug_str     0x00003967      0x17b Lib\SD3077.o
                                0xc59 (size before relaxing)
 .debug_str     0x00003ae2       0xed Lib\TM1637.o
                                0x72c (size before relaxing)
 .debug_str     0x00003bcf       0x51 Src\adc.o
                                0xb1a (size before relaxing)
 .debug_str     0x00003c20       0x19 Src\dma.o
                                0x7ca (size before relaxing)
 .debug_str     0x00003c39       0x1b Src\gpio.o
                                0x890 (size before relaxing)
 .debug_str     0x00003c54       0x24 Src\i2c.o
                                0xc2a (size before relaxing)
 .debug_str     0x00003c78      0x540 Src\main.o
                               0x17f3 (size before relaxing)
 .debug_str     0x000041b8       0x1b Src\stm32f0xx_hal_msp.o
                                0x664 (size before relaxing)
 .debug_str     0x000041d3       0xc0 Src\stm32f0xx_it.o
                                0xacb (size before relaxing)
 .debug_str     0x00004293       0x5a Src\system_stm32f0xx.o
                                0x690 (size before relaxing)
 .debug_str     0x000042ed       0x1c Src\tim.o
                                0xd32 (size before relaxing)

.comment        0x00000000       0x7c
 .comment       0x00000000       0x7c Drivers\STM32F0xx_HAL_Driver\Src\stm32f0xx_hal.o
                                 0x7d (size before relaxing)
 .comment       0x0000007c       0x7d Drivers\STM32F0xx_HAL_Driver\Src\stm32f0xx_hal_adc.o
 .comment       0x0000007c       0x7d Drivers\STM32F0xx_HAL_Driver\Src\stm32f0xx_hal_adc_ex.o
 .comment       0x0000007c       0x7d Drivers\STM32F0xx_HAL_Driver\Src\stm32f0xx_hal_cortex.o
 .comment       0x0000007c       0x7d Drivers\STM32F0xx_HAL_Driver\Src\stm32f0xx_hal_dma.o
 .comment       0x0000007c       0x7d Drivers\STM32F0xx_HAL_Driver\Src\stm32f0xx_hal_gpio.o
 .comment       0x0000007c       0x7d Drivers\STM32F0xx_HAL_Driver\Src\stm32f0xx_hal_i2c.o
 .comment       0x0000007c       0x7d Drivers\STM32F0xx_HAL_Driver\Src\stm32f0xx_hal_i2c_ex.o
 .comment       0x0000007c       0x7d Drivers\STM32F0xx_HAL_Driver\Src\stm32f0xx_hal_rcc.o
 .comment       0x0000007c       0x7d Drivers\STM32F0xx_HAL_Driver\Src\stm32f0xx_hal_rcc_ex.o
 .comment       0x0000007c       0x7d Drivers\STM32F0xx_HAL_Driver\Src\stm32f0xx_hal_tim.o
 .comment       0x0000007c       0x7d Drivers\STM32F0xx_HAL_Driver\Src\stm32f0xx_hal_tim_ex.o
 .comment       0x0000007c       0x7d Lib\SD3077.o
 .comment       0x0000007c       0x7d Lib\TM1637.o
 .comment       0x0000007c       0x7d Src\adc.o
 .comment       0x0000007c       0x7d Src\dma.o
 .comment       0x0000007c       0x7d Src\gpio.o
 .comment       0x0000007c       0x7d Src\i2c.o
 .comment       0x0000007c       0x7d Src\main.o
 .comment       0x0000007c       0x7d Src\stm32f0xx_hal_msp.o
 .comment       0x0000007c       0x7d Src\stm32f0xx_it.o
 .comment       0x0000007c       0x7d Src\system_stm32f0xx.o
 .comment       0x0000007c       0x7d Src\tim.o

.debug_frame    0x00000000     0x2620
 .debug_frame   0x00000000      0x178 Drivers\STM32F0xx_HAL_Driver\Src\stm32f0xx_hal.o
 .debug_frame   0x00000178      0x2d0 Drivers\STM32F0xx_HAL_Driver\Src\stm32f0xx_hal_adc.o
 .debug_frame   0x00000448       0x30 Drivers\STM32F0xx_HAL_Driver\Src\stm32f0xx_hal_adc_ex.o
 .debug_frame   0x00000478       0xe4 Drivers\STM32F0xx_HAL_Driver\Src\stm32f0xx_hal_cortex.o
 .debug_frame   0x0000055c      0x154 Drivers\STM32F0xx_HAL_Driver\Src\stm32f0xx_hal_dma.o
 .debug_frame   0x000006b0       0xc0 Drivers\STM32F0xx_HAL_Driver\Src\stm32f0xx_hal_gpio.o
 .debug_frame   0x00000770      0x794 Drivers\STM32F0xx_HAL_Driver\Src\stm32f0xx_hal_i2c.o
 .debug_frame   0x00000f04       0x88 Drivers\STM32F0xx_HAL_Driver\Src\stm32f0xx_hal_i2c_ex.o
 .debug_frame   0x00000f8c      0x134 Drivers\STM32F0xx_HAL_Driver\Src\stm32f0xx_hal_rcc.o
 .debug_frame   0x000010c0       0x58 Drivers\STM32F0xx_HAL_Driver\Src\stm32f0xx_hal_rcc_ex.o
 .debug_frame   0x00001118      0x94c Drivers\STM32F0xx_HAL_Driver\Src\stm32f0xx_hal_tim.o
 .debug_frame   0x00001a64      0x388 Drivers\STM32F0xx_HAL_Driver\Src\stm32f0xx_hal_tim_ex.o
 .debug_frame   0x00001dec       0xf0 Lib\SD3077.o
 .debug_frame   0x00001edc      0x148 Lib\TM1637.o
 .debug_frame   0x00002024       0x64 Src\adc.o
 .debug_frame   0x00002088       0x2c Src\dma.o
 .debug_frame   0x000020b4       0x30 Src\gpio.o
 .debug_frame   0x000020e4       0x5c Src\i2c.o
 .debug_frame   0x00002140      0x278 Src\main.o
 .debug_frame   0x000023b8       0x24 Src\stm32f0xx_hal_msp.o
 .debug_frame   0x000023dc       0xe0 Src\stm32f0xx_it.o
 .debug_frame   0x000024bc       0x3c Src\system_stm32f0xx.o
 .debug_frame   0x000024f8       0x94 Src\tim.o
 .debug_frame   0x0000258c       0x2c c:/program files (x86)/atollic/truestudio for stm32 9.3.0/armtools/bin/../lib/gcc/arm-atollic-eabi/6.3.1/../../../../arm-atollic-eabi/lib/armv6-m\libc_nano.a(lib_a-init.o)
 .debug_frame   0x000025b8       0x28 c:/program files (x86)/atollic/truestudio for stm32 9.3.0/armtools/bin/../lib/gcc/arm-atollic-eabi/6.3.1/../../../../arm-atollic-eabi/lib/armv6-m\libc_nano.a(lib_a-memcpy-stub.o)
 .debug_frame   0x000025e0       0x20 c:/program files (x86)/atollic/truestudio for stm32 9.3.0/armtools/bin/../lib/gcc/arm-atollic-eabi/6.3.1/../../../../arm-atollic-eabi/lib/armv6-m\libc_nano.a(lib_a-memset.o)
 .debug_frame   0x00002600       0x20 c:/program files (x86)/atollic/truestudio for stm32 9.3.0/armtools/bin/../lib/gcc/arm-atollic-eabi/6.3.1/armv6-m\libgcc.a(_udivsi3.o)
