main.c:166:6:readBackupSettings	24	static
main.c:179:6:saveSettings	24	static
main.c:198:6:resetSettings	0	static
main.c:212:6:checkRingOnTime	16	static
main.c:239:6:alarmStart	8	static
main.c:245:6:alarmTimerTick	16	static
main.c:282:6:alarmStop	8	static
main.c:288:6:checkAlarm	16	static
main.c:301:6:refreshTemperture	8	static
main.c:335:6:refreshTimeDisplay	16	static
main.c:363:6:refreshSettingsDisplay	24	static
main.c:457:6:modeKeyClicked	16	static
main.c:581:6:modeKeyLongPressed	8	static
main.c:594:6:setKeyClicked	8	static
main.c:712:6:setKeyPresseRepeatReport	8	static
main.c:781:6:setKeyPressed	8	static
main.c:785:6:setKeyReleased	8	static
main.c:796:6:modeKeyPressed	8	static
main.c:800:6:modeKeyReleased	8	static
main.c:991:6:SystemClock_Config	88	static
main.c:821:5:main	48	static
main.c:1033:6:HAL_GPIO_EXTI_Callback	8	static
main.c:1063:6:HAL_TIM_PeriodElapsedCallback	8	static
main.c:1090:6:Error_Handler	0	static
